// Jest Snapshot v1, https://goo.gl/fbAQLP

exports[`Activity component does it render 1`] = `
<div>
  <form
    action="#"
  >
    <div>
      <div
        class="sc-AxjAm hcKRzz"
      >
        <label
          class="MuiFormLabel-root MuiInputLabel-root MuiInputLabel-animated"
        >
          activity
        </label>
        <div
          class="MuiInputBase-root MuiInput-root MuiInput-underline"
        >
          <div
            aria-haspopup="listbox"
            aria-labelledby="mui-component-select-activity"
            class="MuiSelect-root MuiSelect-select MuiSelect-selectMenu MuiInputBase-input MuiInput-input"
            id="mui-component-select-activity"
            role="button"
            tabindex="0"
          >
            <span>
              â€‹
            </span>
          </div>
          <input
            name="activity"
            type="hidden"
            value=""
          />
          <svg
            aria-hidden="true"
            class="MuiSvgIcon-root MuiSelect-icon"
            focusable="false"
            viewBox="0 0 24 24"
          >
            <path
              d="M7 10l5 5 5-5z"
            />
          </svg>
        </div>
      </div>
    </div>
  </form>
</div>
`;
