// Jest Snapshot v1, https://goo.gl/fbAQLP

exports[`Components - Fields - Text - Unit Test does it render 1`] = `
<div>
  <form
    action="#"
  >
    <label>
      name
    </label>
    <input
      name="name"
      type="text"
      value=""
    />
  </form>
</div>
`;
