// Jest Snapshot v1, https://goo.gl/fbAQLP

exports[`Workflows - User - Initial Values - Unit Test should return initial values 1`] = `
Object {
  "email": "",
  "name": "",
  "surname": "",
}
`;
