// Jest Snapshot v1, https://goo.gl/fbAQLP

exports[`Workflows - Activity - Payload - Unit Test should return mapped payload values 1`] = `
Object {
  "activity": "golf",
}
`;
