// Jest Snapshot v1, https://goo.gl/fbAQLP

exports[`Components - Form Layout - Unit Test does it render 1`] = `
<div>
  <div
    class="makeStyles-root-1"
  >
    <div
      class="MuiContainer-root MuiContainer-maxWidthSm"
    >
      <div
        class="MuiBox-root MuiBox-root-12"
      >
        <div
          class="MuiPaper-root makeStyles-paper-2 MuiPaper-elevation1 MuiPaper-rounded"
        />
      </div>
    </div>
  </div>
</div>
`;
